[backblue.gif]
[fade.gif]
[index.html]
[lp.markaswalet.test/wp-includes/js/jquery/jquery.minf43b.js]
[lp.markaswalet.test/wp-includes/js/jquery/jquery-migrate.min5589.js]
[lp.markaswalet.test/wp-content/uploads/2024/06/Group-10.png]
[lp.markaswalet.test/wp-content/uploads/2024/06/Group-8.png]
[lp.markaswalet.test/wp-content/uploads/2024/06/Group-20.png]
[lp.markaswalet.test/wp-content/uploads/2024/06/supergrafis-putih.png]
[lp.markaswalet.test/wp-content/uploads/2024/06/supergrafis-warna--1024x51.png]
[lp.markaswalet.test/wp-content/uploads/2024/06/Group-18.png]
[lp.markaswalet.test/wp-content/uploads/2024/06/Group-55.png]
[lp.markaswalet.test/wp-content/uploads/2024/06/title-text-3-1.png]
[lp.markaswalet.test/wp-content/uploads/2024/06/title-text-4-1.png]
[lp.markaswalet.test/wp-content/uploads/2024/06/perbandingan-parfum-walet-2.png]
[lp.markaswalet.test/wp-content/uploads/2024/06/TESTIMONI-CUSTOMER-NH3X-SUPER.png]
[lp.markaswalet.test/wp-content/uploads/2024/06/testimoni-1.png]
[lp.markaswalet.test/wp-content/uploads/2024/06/testimoni-2.png]
[lp.markaswalet.test/wp-content/uploads/2024/06/testimoni-3.png]
[lp.markaswalet.test/wp-content/uploads/2024/06/testimoni-4-.png]
[lp.markaswalet.test/wp-content/uploads/2024/06/Group-55-1.png]
[lp.markaswalet.test/wp-content/uploads/2024/06/Group-19.png]
[lp.markaswalet.test/wp-content/themes/astra/assets/js/minified/frontend.min1849.js]
[lp.markaswalet.test/wp-includes/js/dist/vendor/wp-polyfill-inert.min0226.js]
[lp.markaswalet.test/wp-includes/js/dist/vendor/regenerator-runtime.min6c85.js]
[lp.markaswalet.test/wp-includes/js/dist/vendor/wp-polyfill.min2c7c.js]
[lp.markaswalet.test/wp-includes/js/dist/dom-ready.min5346.js]
[lp.markaswalet.test/wp-content/plugins/astra-sites/inc/lib/onboarding/assets/dist/template-preview/maina11c.js]
[lp.markaswalet.test/wp-content/plugins/royal-elementor-addons/assets/js/lib/particles/particles7c45.js]
[lp.markaswalet.test/wp-content/plugins/royal-elementor-addons/assets/js/lib/jarallax/jarallax.minf184.js]
[lp.markaswalet.test/wp-content/plugins/royal-elementor-addons/assets/js/lib/parallax/parallax.min5152.js]
[lp.markaswalet.test/wp-content/plugins/elementor/assets/js/webpack.runtime.min3cad.js]
[lp.markaswalet.test/wp-content/plugins/elementor/assets/js/frontend-modules.min3cad.js]
[lp.markaswalet.test/wp-content/plugins/elementor/assets/lib/waypoints/waypoints.min05da.js]
[lp.markaswalet.test/wp-includes/js/jquery/ui/core.min3f14.js]
[lp.markaswalet.test/wp-content/plugins/elementor/assets/js/frontend.min3cad.js]
[lp.markaswalet.test/wp-content/plugins/royal-elementor-addons/assets/js/frontend.min48e6.js]
[lp.markaswalet.test/wp-content/plugins/royal-elementor-addons/assets/js/modal-popups.min48e6.js]
[lp.markaswalet.test/parfumwalet/index.html]
[lp.markaswalet.test/wp-content/themes/astra/assets/css/minified/main.min1849.css]
[lp.markaswalet.test/wp-content/plugins/elementor/assets/css/frontend-lite.min3cad.css]
[lp.markaswalet.test/wp-content/plugins/elementor/assets/lib/swiper/v8/css/swiper.min94a4.css]
[lp.markaswalet.test/wp-content/uploads/elementor/css/post-69583.css]
[lp.markaswalet.test/wp-content/uploads/elementor/css/global7b23.css]
[lp.markaswalet.test/wp-content/uploads/2024/06/Group-41.png]
[lp.markaswalet.test/wp-content/uploads/2024/06/bg-kuning-square.png]
[lp.markaswalet.test/wp-content/uploads/elementor/css/post-44735d.css]
[lp.markaswalet.test/wp-content/uploads/2024/06/aset2-2.png]
[lp.markaswalet.test/wp-content/plugins/royal-elementor-addons/assets/css/lib/animations/text-animations.min48e6.css]
[lp.markaswalet.test/wp-content/plugins/royal-elementor-addons/assets/css/frontend.min48e6.css]
[lp.markaswalet.test/wp-content/plugins/elementor/assets/lib/font-awesome/css/all.min48e6.css]
[lp.markaswalet.test/wp-content/plugins/elementor/assets/css/widget-icon-list.min.css]
[lp.markaswalet.test/wp-content/plugins/elementor/assets/css/widget-icon-box.min.css]
