[backblue.gif]
[fade.gif]
[index.html]
[lp.markaswalet.test/wp-includes/js/jquery/jquery.minf43b.js]
[lp.markaswalet.test/wp-includes/js/jquery/jquery-migrate.min5589.js]
[lp.markaswalet.test/wp-content/uploads/2024/06/Group-10.png]
[lp.markaswalet.test/wp-content/uploads/2024/06/Group-8-1.png]
[lp.markaswalet.test/wp-content/uploads/2024/06/Group-23.png]
[lp.markaswalet.test/wp-content/uploads/2024/06/supergrafis-putih.png]
[lp.markaswalet.test/wp-content/uploads/2024/06/Group-50.png]
[lp.markaswalet.test/wp-content/uploads/2024/06/supergrafis-warna--1024x51.png]
[lp.markaswalet.test/wp-content/uploads/2024/06/Group-51.png]
[lp.markaswalet.test/wp-content/uploads/2024/06/perbandingan-parfum-walet-2.png]
[lp.markaswalet.test/wp-content/uploads/2024/06/Group-19.png]
[lp.markaswalet.test/wp-content/themes/astra/assets/js/minified/frontend.min1849.js]
[lp.markaswalet.test/wp-includes/js/dist/vendor/wp-polyfill-inert.min0226.js]
[lp.markaswalet.test/wp-includes/js/dist/vendor/regenerator-runtime.min6c85.js]
[lp.markaswalet.test/wp-includes/js/dist/vendor/wp-polyfill.min2c7c.js]
[lp.markaswalet.test/wp-includes/js/dist/dom-ready.min5346.js]
[lp.markaswalet.test/wp-content/plugins/astra-sites/inc/lib/onboarding/assets/dist/template-preview/maina11c.js]
[lp.markaswalet.test/wp-content/plugins/royal-elementor-addons/assets/js/lib/particles/particles7c45.js]
[lp.markaswalet.test/wp-content/plugins/royal-elementor-addons/assets/js/lib/jarallax/jarallax.minf184.js]
[lp.markaswalet.test/wp-content/plugins/royal-elementor-addons/assets/js/lib/parallax/parallax.min5152.js]
[lp.markaswalet.test/wp-content/plugins/elementskit-lite/libs/framework/assets/js/frontend-script55a0.js]
[lp.markaswalet.test/wp-content/plugins/elementskit-lite/widgets/init/assets/js/widget-scripts55a0.js]
[lp.markaswalet.test/wp-content/plugins/essential-addons-for-elementor-lite/assets/front-end/js/view/general.minab15.js]
[lp.markaswalet.test/wp-content/plugins/elementor/assets/js/webpack.runtime.min3cad.js]
[lp.markaswalet.test/wp-content/plugins/elementor/assets/js/frontend-modules.min3cad.js]
[lp.markaswalet.test/wp-content/plugins/elementor/assets/lib/waypoints/waypoints.min05da.js]
[lp.markaswalet.test/wp-includes/js/jquery/ui/core.min3f14.js]
[lp.markaswalet.test/wp-content/plugins/elementor/assets/js/frontend.min3cad.js]
[lp.markaswalet.test/wp-content/plugins/elementskit-lite/widgets/init/assets/js/animate-circle.min55a0.js]
[lp.markaswalet.test/wp-content/plugins/elementskit-lite/widgets/init/assets/js/elementor55a0.js]
[lp.markaswalet.test/wp-content/plugins/royal-elementor-addons/assets/js/frontend.min48e6.js]
[lp.markaswalet.test/wp-content/plugins/royal-elementor-addons/assets/js/modal-popups.min48e6.js]
[lp.markaswalet.test/parfum-walet-2/index.html]
[lp.markaswalet.test/wp-content/themes/astra/assets/css/minified/main.min1849.css]
[lp.markaswalet.test/wp-content/plugins/elementor/assets/css/frontend-lite.min3cad.css]
[lp.markaswalet.test/wp-content/plugins/elementor/assets/lib/swiper/v8/css/swiper.min94a4.css]
[lp.markaswalet.test/wp-content/uploads/elementor/css/post-69583.css]
[lp.markaswalet.test/wp-content/uploads/elementor/css/global7b23.css]
[lp.markaswalet.test/wp-content/uploads/2024/06/Group-55-2.png]
[lp.markaswalet.test/wp-content/uploads/2024/06/IMG_3892-1.png]
[lp.markaswalet.test/wp-content/uploads/elementor/css/post-615c06.css]
[lp.markaswalet.test/wp-content/plugins/elementskit-lite/modules/elementskit-icon-pack/assets/css/ekiticons55a0.css]
[lp.markaswalet.test/wp-content/plugins/elementskit-lite/widgets/init/assets/img/arrow.png]
[lp.markaswalet.test/wp-content/plugins/elementskit-lite/widgets/init/assets/img/sort_asc.png]
[lp.markaswalet.test/wp-content/plugins/elementskit-lite/widgets/init/assets/img/sort_desc.png]
[lp.markaswalet.test/wp-content/plugins/elementskit-lite/widgets/init/assets/img/sort_asc_disabled.png]
[lp.markaswalet.test/wp-content/plugins/elementskit-lite/widgets/init/assets/css/widget-styles55a0.css]
[lp.markaswalet.test/wp-content/plugins/elementskit-lite/widgets/init/assets/css/responsive55a0.css]
[lp.markaswalet.test/wp-content/plugins/essential-addons-for-elementor-lite/assets/front-end/css/view/general.minab15.css]
[lp.markaswalet.test/wp-content/plugins/royal-elementor-addons/assets/css/lib/animations/text-animations.min48e6.css]
[lp.markaswalet.test/wp-content/plugins/royal-elementor-addons/assets/css/frontend.min48e6.css]
[lp.markaswalet.test/wp-content/plugins/elementor/assets/lib/font-awesome/css/all.minab15.css]
